Errors:
tests/jastaddj/conditional_expr_01f/Test.java:5,10:
  Semantic Error: no field named o is accessible
tests/jastaddj/conditional_expr_01f/Test.java:5,28:
  Semantic Error: no field named o is accessible
